Welcome to ticket kiosk.
Please enter login to begin:
Enter username:
Welcome user1.
Please enter a function:
How much credit do you wish to add?
Credit amount: $90.00
Credit will be added!
Please enter a function:
Logout successful.          
         

