06_user_buy________BS_800,000.00
00_user_admin______AA_900,999.00
