06_user_sell_______SS_800,000.00
00_user_sell_______SS_800,000.00
