06_user_admin______BS_800,000.00
00_user_test_12345_AA_900,999.00
