06_user_admin______BS_900,999.00 
00_user_admin______AA_900,999.00
