Welcome to ticket kiosk.
Please enter login to begin:
Enter username:
Welcome selluser.
Please enter a function:
Logout successful.