Welcome to ticket kiosk.
Please enter login to begin:
Enter username:
Welcome fulluser.
Please enter a function:
Logout successful.