Welcome to ticket kiosk. To quit at anytime please enter 'quit'.
Please enter 'login' to begin:
Invalid request. Need to be logged in.
Welcome to ticket kiosk. To quit at anytime please enter 'quit'.
Please enter 'login' to begin:
