Welcome to ticket kiosk. To quit at anytime please enter 'quit'.
Please enter 'login' to begin:
Enter username:
Welcome admin.
Please enter a function:
Please state the buyer's username:
Please enter the seller's username:
Sorry that username doesn't exist.
Please enter a function:
Logout successful.
Welcome to ticket kiosk. To quit at anytime please enter 'quit'.
Please enter 'login' to begin:
