Welcome to ticket kiosk.
Please enter login to begin:
Enter username:
Welcome admin.
Please enter a function:
Enter buyer’s username:
Enter seller’s username:
Enter credit amount:
Invalid amount.
Please enter a function:
Logout successful.
