Welcome to ticket kiosk.
Please enter login to begin:
Enter username:
Welcome user1.
Please enter a function:
Logout successful.