Welcome to ticket kiosk. To quit at anytime please enter 'quit'.
Please enter 'login' to begin:
Enter username:
Welcome selluser.
Please enter a function:
Logout successful.
Welcome to ticket kiosk. To quit at anytime please enter 'quit'.
Please enter 'login' to begin:
