Welcome to ticket kiosk.
Please enter login to begin:
Enter username:
Welcome admin.
Please enter a function:
Enter Event Title:
Enter number of tickets (max 4):
Please enter the seller’s username:
2 ticket(s) @ $10.00 each for the event: “sample event title“
Total: $20.00