Welcome to ticket kiosk. To quit at anytime please enter 'quit'.
Please enter 'login' to begin:
Enter username:
Welcome admin.
Please enter a function:
Please enter the event title for the tickets you wish to purchase:
What is the username of the seller:
How many tickets do you wish to purchase:
Invalid ticket amount.
Please enter a function:
Logout successful.
Welcome to ticket kiosk. To quit at anytime please enter 'quit'.
Please enter 'login' to begin: