Welcome to ticket kiosk. To quit at anytime please enter 'quit'.
Please enter 'login' to begin:
Enter username:
Welcome admin.
Please enter a function:
Enter Event Title:
Invalid Event Title.
Please enter a function:
Logout successful.