01_user_cmin_______SS_000000.00
00_user_admin______AA_900,999.00
