01_user_1s_________BS_000000.00
00_user_admin______AA_900,999.00
