Welcome to ticket kiosk.
Please enter login to begin:
Enter username:
Welcome user1.
Please enter a function:
How much credit do you wish to add?
Invalid Request. Amount must range from at least $0.01 to at maximum $1000.00
Please enter a function
Logout successful.          
