Welcome to ticket kiosk. To quit at anytime please enter 'quit'.
Please enter 'login' to begin:
Enter username:
Welcome admin.
Please enter a function:
Who do you wish to addcredit to?
How much credit do you wish to add to this account:
Credit added! Your new credit will be: 130
Please enter a function:
Logout successful.
Welcome to ticket kiosk. To quit at anytime please enter 'quit'.
Please enter 'login' to begin:
