Welcome to ticket kiosk.
Please enter login to begin:
Enter username:
Welcome user1.
Please enter a function:
How much credit do you wish to add?
Credit amount: $90.00
What is the username of the account you wish to add it to?
Invalid username. Username must be at least 1 or at most 15 ASCII characters
Please enter a function:
Logout successful.          
