06_user_standard___FS_800,000.00
00_user_standard___FS_800,000.00
