06_user_buy________BS_800,000.00
00_user_buy________BS_800,000.00
