Welcome to ticket kiosk. To quit at anytime please enter 'quit'.
Please enter 'login' to begin:
Enter username:
Welcome user_admin.
Please enter a function:
Please create a username: 
Invalid Username! The username must be 1 - 15  ASCII characters long.
Please enter a function:
Logout successful.
Welcome to ticket kiosk. To quit at anytime please enter 'quit'.
Please enter 'login' to begin:
