01_user_cscs_______SS_999999.67
00_user_admin______AA_900,999.00
