Welcome to ticket kiosk.
Please enter login to begin:
Enter username:
Welcome admin.
Please enter a function:
Enter Event Title:
Invalid Event Title.
Logout successful.