03_Concert_12345____________user_sell_t____001_015.00