03_E_________________________user_sell_t____001_015.00