03_Concert-Test-Event-1234567_ user_sell_t____001_015.00