03_Concert-Test-Event-123456_ user_sell_t____050_999.00