Welcome to ticket kiosk.
Please enter login to begin:
Enter username:
Welcome user_buy.
Please enter a function:
Invalid Request. Cannot sell tickets while logged in as a buy-standard account 
Please enter a function:
Logout Successful
