Welcome to ticket kiosk.
Please enter login to begin:
Enter username:
Welcome user_sell_t.
Please enter a function:
Please enter the event title for the ticket(s)
Event Title: Concert-Test-Event-123456
Please enter the sale price per ticket:
Invalid Ticket Price. Ticket price must range from at least $0.01 to a maximum of $999.99 
Please enter a function:
Logout Successful
