01_user20000000000_BS_000000.00
00_user_admin______AA_900,999.00
