03_Concert-Test-Event-123456_ user_sell_t____001_015.00