03_Concert___________________user_sell______001_015.00