03_Concert___________________user_sell_t____001_015.00