05    fulluser  selluser 000010.00
00              admin AA 000100.00

